I'm sorry, but errors were detected in your script. Please correct the
errors listed below, and try again.


File "game/script.rpy", line 41: menu statement expects a non-empty block.
    menu:
        ^

File "game/script.rpy", line 42: expected statement.
    "Confess":
             ^

File "game/script.rpy", line 44: expected statement.
    "Do nothing":
                ^

Ren'Py Version: Ren'Py 7.4.2.1292
Tue Mar  2 16:38:12 2021
